Archive member included to satisfy reference by file (symbol)

c:/st/stm32cubeide_1.6.1/stm32cubeide/plugins/com.st.stm32cube.ide.mcu.externaltools.gnu-tools-for-stm32.9-2020-q2-update.win32_1.5.0.202011040924/tools/bin/../lib/gcc/arm-none-eabi/9.3.1/../../../../arm-none-eabi/lib/thumb/v7-m/nofp\libc_nano.a(lib_a-errno.o)
                              Src/syscalls.o (__errno)
c:/st/stm32cubeide_1.6.1/stm32cubeide/plugins/com.st.stm32cube.ide.mcu.externaltools.gnu-tools-for-stm32.9-2020-q2-update.win32_1.5.0.202011040924/tools/bin/../lib/gcc/arm-none-eabi/9.3.1/../../../../arm-none-eabi/lib/thumb/v7-m/nofp\libc_nano.a(lib_a-exit.o)
                              c:/st/stm32cubeide_1.6.1/stm32cubeide/plugins/com.st.stm32cube.ide.mcu.externaltools.gnu-tools-for-stm32.9-2020-q2-update.win32_1.5.0.202011040924/tools/bin/../lib/gcc/arm-none-eabi/9.3.1/../../../../arm-none-eabi/lib/thumb/v7-m/nofp/crt0.o (exit)
c:/st/stm32cubeide_1.6.1/stm32cubeide/plugins/com.st.stm32cube.ide.mcu.externaltools.gnu-tools-for-stm32.9-2020-q2-update.win32_1.5.0.202011040924/tools/bin/../lib/gcc/arm-none-eabi/9.3.1/../../../../arm-none-eabi/lib/thumb/v7-m/nofp\libc_nano.a(lib_a-impure.o)
                              c:/st/stm32cubeide_1.6.1/stm32cubeide/plugins/com.st.stm32cube.ide.mcu.externaltools.gnu-tools-for-stm32.9-2020-q2-update.win32_1.5.0.202011040924/tools/bin/../lib/gcc/arm-none-eabi/9.3.1/../../../../arm-none-eabi/lib/thumb/v7-m/nofp\libc_nano.a(lib_a-exit.o) (_global_impure_ptr)
c:/st/stm32cubeide_1.6.1/stm32cubeide/plugins/com.st.stm32cube.ide.mcu.externaltools.gnu-tools-for-stm32.9-2020-q2-update.win32_1.5.0.202011040924/tools/bin/../lib/gcc/arm-none-eabi/9.3.1/../../../../arm-none-eabi/lib/thumb/v7-m/nofp\libc_nano.a(lib_a-init.o)
                              c:/st/stm32cubeide_1.6.1/stm32cubeide/plugins/com.st.stm32cube.ide.mcu.externaltools.gnu-tools-for-stm32.9-2020-q2-update.win32_1.5.0.202011040924/tools/bin/../lib/gcc/arm-none-eabi/9.3.1/../../../../arm-none-eabi/lib/thumb/v7-m/nofp/crt0.o (__libc_init_array)
c:/st/stm32cubeide_1.6.1/stm32cubeide/plugins/com.st.stm32cube.ide.mcu.externaltools.gnu-tools-for-stm32.9-2020-q2-update.win32_1.5.0.202011040924/tools/bin/../lib/gcc/arm-none-eabi/9.3.1/../../../../arm-none-eabi/lib/thumb/v7-m/nofp\libc_nano.a(lib_a-itoa.o)
                              Src/LCD_program.o (itoa)
c:/st/stm32cubeide_1.6.1/stm32cubeide/plugins/com.st.stm32cube.ide.mcu.externaltools.gnu-tools-for-stm32.9-2020-q2-update.win32_1.5.0.202011040924/tools/bin/../lib/gcc/arm-none-eabi/9.3.1/../../../../arm-none-eabi/lib/thumb/v7-m/nofp\libc_nano.a(lib_a-memset.o)
                              c:/st/stm32cubeide_1.6.1/stm32cubeide/plugins/com.st.stm32cube.ide.mcu.externaltools.gnu-tools-for-stm32.9-2020-q2-update.win32_1.5.0.202011040924/tools/bin/../lib/gcc/arm-none-eabi/9.3.1/../../../../arm-none-eabi/lib/thumb/v7-m/nofp/crt0.o (memset)
c:/st/stm32cubeide_1.6.1/stm32cubeide/plugins/com.st.stm32cube.ide.mcu.externaltools.gnu-tools-for-stm32.9-2020-q2-update.win32_1.5.0.202011040924/tools/bin/../lib/gcc/arm-none-eabi/9.3.1/../../../../arm-none-eabi/lib/thumb/v7-m/nofp\libc_nano.a(lib_a-utoa.o)
                              c:/st/stm32cubeide_1.6.1/stm32cubeide/plugins/com.st.stm32cube.ide.mcu.externaltools.gnu-tools-for-stm32.9-2020-q2-update.win32_1.5.0.202011040924/tools/bin/../lib/gcc/arm-none-eabi/9.3.1/../../../../arm-none-eabi/lib/thumb/v7-m/nofp\libc_nano.a(lib_a-itoa.o) (__utoa)

Discarded input sections

 .text          0x0000000000000000        0x0 c:/st/stm32cubeide_1.6.1/stm32cubeide/plugins/com.st.stm32cube.ide.mcu.externaltools.gnu-tools-for-stm32.9-2020-q2-update.win32_1.5.0.202011040924/tools/bin/../lib/gcc/arm-none-eabi/9.3.1/thumb/v7-m/nofp/crti.o
 .data          0x0000000000000000        0x0 c:/st/stm32cubeide_1.6.1/stm32cubeide/plugins/com.st.stm32cube.ide.mcu.externaltools.gnu-tools-for-stm32.9-2020-q2-update.win32_1.5.0.202011040924/tools/bin/../lib/gcc/arm-none-eabi/9.3.1/thumb/v7-m/nofp/crti.o
 .bss           0x0000000000000000        0x0 c:/st/stm32cubeide_1.6.1/stm32cubeide/plugins/com.st.stm32cube.ide.mcu.externaltools.gnu-tools-for-stm32.9-2020-q2-update.win32_1.5.0.202011040924/tools/bin/../lib/gcc/arm-none-eabi/9.3.1/thumb/v7-m/nofp/crti.o
 .data          0x0000000000000000        0x4 c:/st/stm32cubeide_1.6.1/stm32cubeide/plugins/com.st.stm32cube.ide.mcu.externaltools.gnu-tools-for-stm32.9-2020-q2-update.win32_1.5.0.202011040924/tools/bin/../lib/gcc/arm-none-eabi/9.3.1/thumb/v7-m/nofp/crtbegin.o
 .text          0x0000000000000000       0x7c c:/st/stm32cubeide_1.6.1/stm32cubeide/plugins/com.st.stm32cube.ide.mcu.externaltools.gnu-tools-for-stm32.9-2020-q2-update.win32_1.5.0.202011040924/tools/bin/../lib/gcc/arm-none-eabi/9.3.1/../../../../arm-none-eabi/lib/thumb/v7-m/nofp/crt0.o
 .data          0x0000000000000000        0x0 c:/st/stm32cubeide_1.6.1/stm32cubeide/plugins/com.st.stm32cube.ide.mcu.externaltools.gnu-tools-for-stm32.9-2020-q2-update.win32_1.5.0.202011040924/tools/bin/../lib/gcc/arm-none-eabi/9.3.1/../../../../arm-none-eabi/lib/thumb/v7-m/nofp/crt0.o
 .bss           0x0000000000000000        0x0 c:/st/stm32cubeide_1.6.1/stm32cubeide/plugins/com.st.stm32cube.ide.mcu.externaltools.gnu-tools-for-stm32.9-2020-q2-update.win32_1.5.0.202011040924/tools/bin/../lib/gcc/arm-none-eabi/9.3.1/../../../../arm-none-eabi/lib/thumb/v7-m/nofp/crt0.o
 .ARM.extab     0x0000000000000000        0x0 c:/st/stm32cubeide_1.6.1/stm32cubeide/plugins/com.st.stm32cube.ide.mcu.externaltools.gnu-tools-for-stm32.9-2020-q2-update.win32_1.5.0.202011040924/tools/bin/../lib/gcc/arm-none-eabi/9.3.1/../../../../arm-none-eabi/lib/thumb/v7-m/nofp/crt0.o
 .ARM.exidx     0x0000000000000000       0x10 c:/st/stm32cubeide_1.6.1/stm32cubeide/plugins/com.st.stm32cube.ide.mcu.externaltools.gnu-tools-for-stm32.9-2020-q2-update.win32_1.5.0.202011040924/tools/bin/../lib/gcc/arm-none-eabi/9.3.1/../../../../arm-none-eabi/lib/thumb/v7-m/nofp/crt0.o
 .ARM.attributes
                0x0000000000000000       0x1b c:/st/stm32cubeide_1.6.1/stm32cubeide/plugins/com.st.stm32cube.ide.mcu.externaltools.gnu-tools-for-stm32.9-2020-q2-update.win32_1.5.0.202011040924/tools/bin/../lib/gcc/arm-none-eabi/9.3.1/../../../../arm-none-eabi/lib/thumb/v7-m/nofp/crt0.o
 .group         0x0000000000000000        0xc Src/DIO_PROGRAM.o
 .group         0x0000000000000000        0xc Src/DIO_PROGRAM.o
 .group         0x0000000000000000        0xc Src/DIO_PROGRAM.o
 .group         0x0000000000000000        0xc Src/DIO_PROGRAM.o
 .text          0x0000000000000000        0x0 Src/DIO_PROGRAM.o
 .data          0x0000000000000000        0x0 Src/DIO_PROGRAM.o
 .bss           0x0000000000000000        0x0 Src/DIO_PROGRAM.o
 .text.delay    0x0000000000000000       0x2a Src/DIO_PROGRAM.o
 .text.SEVEN_SEGMENT
                0x0000000000000000      0x96c Src/DIO_PROGRAM.o
 .text.MDIO_voidPingPong
                0x0000000000000000      0x22e Src/DIO_PROGRAM.o
 .text.MDIO_voidSimultaneously
                0x0000000000000000       0xc2 Src/DIO_PROGRAM.o
 .text.MDIO_voidComingandGoing
                0x0000000000000000      0x154 Src/DIO_PROGRAM.o
 .group         0x0000000000000000        0xc Src/LCD_program.o
 .group         0x0000000000000000        0xc Src/LCD_program.o
 .group         0x0000000000000000        0xc Src/LCD_program.o
 .group         0x0000000000000000        0xc Src/LCD_program.o
 .group         0x0000000000000000        0xc Src/LCD_program.o
 .group         0x0000000000000000        0xc Src/LCD_program.o
 .text          0x0000000000000000        0x0 Src/LCD_program.o
 .data          0x0000000000000000        0x0 Src/LCD_program.o
 .bss           0x0000000000000000        0x0 Src/LCD_program.o
 .debug_macro   0x0000000000000000      0xaa2 Src/LCD_program.o
 .debug_macro   0x0000000000000000       0x22 Src/LCD_program.o
 .debug_macro   0x0000000000000000      0x13c Src/LCD_program.o
 .group         0x0000000000000000        0xc Src/PB_Config.o
 .group         0x0000000000000000        0xc Src/PB_Config.o
 .group         0x0000000000000000        0xc Src/PB_Config.o
 .group         0x0000000000000000        0xc Src/PB_Config.o
 .text          0x0000000000000000        0x0 Src/PB_Config.o
 .data          0x0000000000000000        0x0 Src/PB_Config.o
 .bss           0x0000000000000000        0x0 Src/PB_Config.o
 .debug_macro   0x0000000000000000      0xaa2 Src/PB_Config.o
 .debug_macro   0x0000000000000000       0x22 Src/PB_Config.o
 .debug_macro   0x0000000000000000      0x13c Src/PB_Config.o
 .group         0x0000000000000000        0xc Src/PB_program.o
 .group         0x0000000000000000        0xc Src/PB_program.o
 .group         0x0000000000000000        0xc Src/PB_program.o
 .group         0x0000000000000000        0xc Src/PB_program.o
 .text          0x0000000000000000        0x0 Src/PB_program.o
 .data          0x0000000000000000        0x0 Src/PB_program.o
 .bss           0x0000000000000000        0x0 Src/PB_program.o
 .text.HPB_init
                0x0000000000000000       0x54 Src/PB_program.o
 .text.HPB_get_state
                0x0000000000000000       0x2c Src/PB_program.o
 .debug_macro   0x0000000000000000      0xaa2 Src/PB_program.o
 .debug_macro   0x0000000000000000       0x22 Src/PB_program.o
 .debug_macro   0x0000000000000000      0x13c Src/PB_program.o
 .debug_macro   0x0000000000000000       0x1c Src/PB_program.o
 .group         0x0000000000000000        0xc Src/RCC_PROGRAM.o
 .group         0x0000000000000000        0xc Src/RCC_PROGRAM.o
 .group         0x0000000000000000        0xc Src/RCC_PROGRAM.o
 .group         0x0000000000000000        0xc Src/RCC_PROGRAM.o
 .group         0x0000000000000000        0xc Src/RCC_PROGRAM.o
 .group         0x0000000000000000        0xc Src/RCC_PROGRAM.o
 .group         0x0000000000000000        0xc Src/RCC_PROGRAM.o
 .text          0x0000000000000000        0x0 Src/RCC_PROGRAM.o
 .data          0x0000000000000000        0x0 Src/RCC_PROGRAM.o
 .bss           0x0000000000000000        0x0 Src/RCC_PROGRAM.o
 .text.MRCC_voidSetPLLMulFactor
                0x0000000000000000       0x34 Src/RCC_PROGRAM.o
 .text.MRCC_voidSetPLLSource
                0x0000000000000000       0x70 Src/RCC_PROGRAM.o
 .text.MRCC_voidSetCLKSource
                0x0000000000000000       0x7c Src/RCC_PROGRAM.o
 .debug_macro   0x0000000000000000      0xaa2 Src/RCC_PROGRAM.o
 .debug_macro   0x0000000000000000       0x22 Src/RCC_PROGRAM.o
 .debug_macro   0x0000000000000000      0x13c Src/RCC_PROGRAM.o
 .debug_macro   0x0000000000000000       0x88 Src/RCC_PROGRAM.o
 .group         0x0000000000000000        0xc Src/RTOS_program.o
 .group         0x0000000000000000        0xc Src/RTOS_program.o
 .group         0x0000000000000000        0xc Src/RTOS_program.o
 .group         0x0000000000000000        0xc Src/RTOS_program.o
 .text          0x0000000000000000        0x0 Src/RTOS_program.o
 .data          0x0000000000000000        0x0 Src/RTOS_program.o
 .bss           0x0000000000000000        0x0 Src/RTOS_program.o
 .debug_macro   0x0000000000000000      0xaa2 Src/RTOS_program.o
 .debug_macro   0x0000000000000000       0x22 Src/RTOS_program.o
 .debug_macro   0x0000000000000000      0x13c Src/RTOS_program.o
 .group         0x0000000000000000        0xc Src/STK_program.o
 .group         0x0000000000000000        0xc Src/STK_program.o
 .group         0x0000000000000000        0xc Src/STK_program.o
 .group         0x0000000000000000        0xc Src/STK_program.o
 .text          0x0000000000000000        0x0 Src/STK_program.o
 .data          0x0000000000000000        0x0 Src/STK_program.o
 .bss           0x0000000000000000        0x0 Src/STK_program.o
 .text.MSTK_voidSetBusyWait
                0x0000000000000000       0x54 Src/STK_program.o
 .text.MSTK_voidSetIntervalSingle
                0x0000000000000000       0x5c Src/STK_program.o
 .text.MSTK_voidStopInterval
                0x0000000000000000       0x34 Src/STK_program.o
 .text.MSTK_u32GetElapsedTime
                0x0000000000000000       0x24 Src/STK_program.o
 .text.MSTK_u32GetRemainingTime
                0x0000000000000000       0x1c Src/STK_program.o
 .debug_macro   0x0000000000000000      0xaa2 Src/STK_program.o
 .debug_macro   0x0000000000000000       0x22 Src/STK_program.o
 .group         0x0000000000000000        0xc Src/T2DELAY_program.o
 .group         0x0000000000000000        0xc Src/T2DELAY_program.o
 .group         0x0000000000000000        0xc Src/T2DELAY_program.o
 .text          0x0000000000000000        0x0 Src/T2DELAY_program.o
 .data          0x0000000000000000        0x0 Src/T2DELAY_program.o
 .bss           0x0000000000000000        0x0 Src/T2DELAY_program.o
 .debug_macro   0x0000000000000000      0xaa2 Src/T2DELAY_program.o
 .debug_macro   0x0000000000000000       0x22 Src/T2DELAY_program.o
 .group         0x0000000000000000        0xc Src/main.o
 .group         0x0000000000000000        0xc Src/main.o
 .group         0x0000000000000000        0xc Src/main.o
 .group         0x0000000000000000        0xc Src/main.o
 .group         0x0000000000000000        0xc Src/main.o
 .group         0x0000000000000000        0xc Src/main.o
 .text          0x0000000000000000        0x0 Src/main.o
 .data          0x0000000000000000        0x0 Src/main.o
 .bss           0x0000000000000000        0x0 Src/main.o
 .debug_macro   0x0000000000000000      0xaa2 Src/main.o
 .debug_macro   0x0000000000000000       0x22 Src/main.o
 .debug_macro   0x0000000000000000       0x70 Src/main.o
 .debug_macro   0x0000000000000000       0x1c Src/main.o
 .debug_macro   0x0000000000000000      0x154 Src/main.o
 .debug_macro   0x0000000000000000      0x13c Src/main.o
 .group         0x0000000000000000        0xc Src/syscalls.o
 .group         0x0000000000000000        0xc Src/syscalls.o
 .group         0x0000000000000000        0xc Src/syscalls.o
 .group         0x0000000000000000        0xc Src/syscalls.o
 .group         0x0000000000000000        0xc Src/syscalls.o
 .group         0x0000000000000000        0xc Src/syscalls.o
 .group         0x0000000000000000        0xc Src/syscalls.o
 .group         0x0000000000000000        0xc Src/syscalls.o
 .group         0x0000000000000000        0xc Src/syscalls.o
 .group         0x0000000000000000        0xc Src/syscalls.o
 .group         0x0000000000000000        0xc Src/syscalls.o
 .group         0x0000000000000000        0xc Src/syscalls.o
 .group         0x0000000000000000        0xc Src/syscalls.o
 .group         0x0000000000000000        0xc Src/syscalls.o
 .group         0x0000000000000000        0xc Src/syscalls.o
 .group         0x0000000000000000        0xc Src/syscalls.o
 .group         0x0000000000000000        0xc Src/syscalls.o
 .group         0x0000000000000000        0xc Src/syscalls.o
 .group         0x0000000000000000        0xc Src/syscalls.o
 .group         0x0000000000000000        0xc Src/syscalls.o
 .group         0x0000000000000000        0xc Src/syscalls.o
 .group         0x0000000000000000        0xc Src/syscalls.o
 .group         0x0000000000000000        0xc Src/syscalls.o
 .group         0x0000000000000000        0xc Src/syscalls.o
 .group         0x0000000000000000        0xc Src/syscalls.o
 .group         0x0000000000000000        0xc Src/syscalls.o
 .group         0x0000000000000000        0xc Src/syscalls.o
 .group         0x0000000000000000        0xc Src/syscalls.o
 .group         0x0000000000000000        0xc Src/syscalls.o
 .group         0x0000000000000000        0xc Src/syscalls.o
 .group         0x0000000000000000        0xc Src/syscalls.o
 .group         0x0000000000000000        0xc Src/syscalls.o
 .group         0x0000000000000000        0xc Src/syscalls.o
 .group         0x0000000000000000        0xc Src/syscalls.o
 .group         0x0000000000000000        0xc Src/syscalls.o
 .group         0x0000000000000000        0xc Src/syscalls.o
 .group         0x0000000000000000        0xc Src/syscalls.o
 .group         0x0000000000000000        0xc Src/syscalls.o
 .group         0x0000000000000000        0xc Src/syscalls.o
 .group         0x0000000000000000        0xc Src/syscalls.o
 .group         0x0000000000000000        0xc Src/syscalls.o
 .group         0x0000000000000000        0xc Src/syscalls.o
 .group         0x0000000000000000        0xc Src/syscalls.o
 .group         0x0000000000000000        0xc Src/syscalls.o
 .group         0x0000000000000000        0xc Src/syscalls.o
 .group         0x0000000000000000        0xc Src/syscalls.o
 .group         0x0000000000000000        0xc Src/syscalls.o
 .text          0x0000000000000000        0x0 Src/syscalls.o
 .data          0x0000000000000000        0x0 Src/syscalls.o
 .bss           0x0000000000000000        0x0 Src/syscalls.o
 .bss.__env     0x0000000000000000        0x4 Src/syscalls.o
 .data.environ  0x0000000000000000        0x4 Src/syscalls.o
 .text.initialise_monitor_handles
                0x0000000000000000        0xc Src/syscalls.o
 .text._getpid  0x0000000000000000        0xe Src/syscalls.o
 .text._kill    0x0000000000000000       0x20 Src/syscalls.o
 .text._exit    0x0000000000000000       0x14 Src/syscalls.o
 .text._read    0x0000000000000000       0x3a Src/syscalls.o
 .text._write   0x0000000000000000       0x38 Src/syscalls.o
 .text._close   0x0000000000000000       0x16 Src/syscalls.o
 .text._fstat   0x0000000000000000       0x1e Src/syscalls.o
 .text._isatty  0x0000000000000000       0x14 Src/syscalls.o
 .text._lseek   0x0000000000000000       0x18 Src/syscalls.o
 .text._open    0x0000000000000000       0x1a Src/syscalls.o
 .text._wait    0x0000000000000000       0x1e Src/syscalls.o
 .text._unlink  0x0000000000000000       0x1e Src/syscalls.o
 .text._times   0x0000000000000000       0x16 Src/syscalls.o
 .text._stat    0x0000000000000000       0x1e Src/syscalls.o
 .text._link    0x0000000000000000       0x20 Src/syscalls.o
 .text._fork    0x0000000000000000       0x16 Src/syscalls.o
 .text._execve  0x0000000000000000       0x22 Src/syscalls.o
 .debug_info    0x0000000000000000     0x1121 Src/syscalls.o
 .debug_abbrev  0x0000000000000000      0x277 Src/syscalls.o
 .debug_loc     0x0000000000000000      0x5b8 Src/syscalls.o
 .debug_aranges
                0x0000000000000000       0xa8 Src/syscalls.o
 .debug_ranges  0x0000000000000000       0x98 Src/syscalls.o
 .debug_macro   0x0000000000000000      0x24c Src/syscalls.o
 .debug_macro   0x0000000000000000      0xaa2 Src/syscalls.o
 .debug_macro   0x0000000000000000       0x22 Src/syscalls.o
 .debug_macro   0x0000000000000000       0x4c Src/syscalls.o
 .debug_macro   0x0000000000000000       0x18 Src/syscalls.o
 .debug_macro   0x0000000000000000       0x94 Src/syscalls.o
 .debug_macro   0x0000000000000000       0x3c Src/syscalls.o
 .debug_macro   0x0000000000000000       0x34 Src/syscalls.o
 .debug_macro   0x0000000000000000       0x57 Src/syscalls.o
 .debug_macro   0x0000000000000000      0x174 Src/syscalls.o
 .debug_macro   0x0000000000000000      0x339 Src/syscalls.o
 .debug_macro   0x0000000000000000       0x16 Src/syscalls.o
 .debug_macro   0x0000000000000000       0x43 Src/syscalls.o
 .debug_macro   0x0000000000000000       0x34 Src/syscalls.o
 .debug_macro   0x0000000000000000       0x10 Src/syscalls.o
 .debug_macro   0x0000000000000000       0x58 Src/syscalls.o
 .debug_macro   0x0000000000000000       0x71 Src/syscalls.o
 .debug_macro   0x0000000000000000       0x1c Src/syscalls.o
 .debug_macro   0x0000000000000000      0x12a Src/syscalls.o
 .debug_macro   0x0000000000000000       0x10 Src/syscalls.o
 .debug_macro   0x0000000000000000       0x35 Src/syscalls.o
 .debug_macro   0x0000000000000000       0x10 Src/syscalls.o
 .debug_macro   0x0000000000000000       0x10 Src/syscalls.o
 .debug_macro   0x0000000000000000       0x10 Src/syscalls.o
 .debug_macro   0x0000000000000000       0x6a Src/syscalls.o
 .debug_macro   0x0000000000000000       0x1c Src/syscalls.o
 .debug_macro   0x0000000000000000       0x52 Src/syscalls.o
 .debug_macro   0x0000000000000000       0x22 Src/syscalls.o
 .debug_macro   0x0000000000000000       0x10 Src/syscalls.o
 .debug_macro   0x0000000000000000       0x40 Src/syscalls.o
 .debug_macro   0x0000000000000000       0xd5 Src/syscalls.o
 .debug_macro   0x0000000000000000       0x1c Src/syscalls.o
 .debug_macro   0x0000000000000000       0x3d Src/syscalls.o
 .debug_macro   0x0000000000000000       0x35 Src/syscalls.o
 .debug_macro   0x0000000000000000      0x12c Src/syscalls.o
 .debug_macro   0x0000000000000000       0x16 Src/syscalls.o
 .debug_macro   0x0000000000000000       0x16 Src/syscalls.o
 .debug_macro   0x0000000000000000       0x29 Src/syscalls.o
 .debug_macro   0x0000000000000000       0x10 Src/syscalls.o
 .debug_macro   0x0000000000000000      0x241 Src/syscalls.o
 .debug_macro   0x0000000000000000       0x1c Src/syscalls.o
 .debug_macro   0x0000000000000000       0x10 Src/syscalls.o
 .debug_macro   0x0000000000000000       0x10 Src/syscalls.o
 .debug_macro   0x0000000000000000       0x16 Src/syscalls.o
 .debug_macro   0x0000000000000000      0x145 Src/syscalls.o
 .debug_macro   0x0000000000000000      0x189 Src/syscalls.o
 .debug_macro   0x0000000000000000       0x16 Src/syscalls.o
 .debug_macro   0x0000000000000000       0xce Src/syscalls.o
 .debug_line    0x0000000000000000      0x7fd Src/syscalls.o
 .debug_str     0x0000000000000000     0x8e8d Src/syscalls.o
 .comment       0x0000000000000000       0x54 Src/syscalls.o
 .debug_frame   0x0000000000000000      0x2ac Src/syscalls.o
 .ARM.attributes
                0x0000000000000000       0x2d Src/syscalls.o
 .group         0x0000000000000000        0xc Src/sysmem.o
 .group         0x0000000000000000        0xc Src/sysmem.o
 .group         0x0000000000000000        0xc Src/sysmem.o
 .group         0x0000000000000000        0xc Src/sysmem.o
 .group         0x0000000000000000        0xc Src/sysmem.o
 .group         0x0000000000000000        0xc Src/sysmem.o
 .group         0x0000000000000000        0xc Src/sysmem.o
 .group         0x0000000000000000        0xc Src/sysmem.o
 .group         0x0000000000000000        0xc Src/sysmem.o
 .group         0x0000000000000000        0xc Src/sysmem.o
 .group         0x0000000000000000        0xc Src/sysmem.o
 .group         0x0000000000000000        0xc Src/sysmem.o
 .group         0x0000000000000000        0xc Src/sysmem.o
 .group         0x0000000000000000        0xc Src/sysmem.o
 .group         0x0000000000000000        0xc Src/sysmem.o
 .group         0x0000000000000000        0xc Src/sysmem.o
 .group         0x0000000000000000        0xc Src/sysmem.o
 .group         0x0000000000000000        0xc Src/sysmem.o
 .group         0x0000000000000000        0xc Src/sysmem.o
 .group         0x0000000000000000        0xc Src/sysmem.o
 .group         0x0000000000000000        0xc Src/sysmem.o
 .group         0x0000000000000000        0xc Src/sysmem.o
 .text          0x0000000000000000        0x0 Src/sysmem.o
 .data          0x0000000000000000        0x0 Src/sysmem.o
 .bss           0x0000000000000000        0x0 Src/sysmem.o
 .bss.__sbrk_heap_end
                0x0000000000000000        0x4 Src/sysmem.o
 .text._sbrk    0x0000000000000000       0x6c Src/sysmem.o
 .debug_info    0x0000000000000000      0xb1d Src/sysmem.o
 .debug_abbrev  0x0000000000000000      0x1b0 Src/sysmem.o
 .debug_loc     0x0000000000000000       0x50 Src/sysmem.o
 .debug_aranges
                0x0000000000000000       0x20 Src/sysmem.o
 .debug_ranges  0x0000000000000000       0x10 Src/sysmem.o
 .debug_macro   0x0000000000000000       0xff Src/sysmem.o
 .debug_macro   0x0000000000000000      0xaa2 Src/sysmem.o
 .debug_macro   0x0000000000000000       0x10 Src/sysmem.o
 .debug_macro   0x0000000000000000       0x22 Src/sysmem.o
 .debug_macro   0x0000000000000000       0x4c Src/sysmem.o
 .debug_macro   0x0000000000000000       0x18 Src/sysmem.o
 .debug_macro   0x0000000000000000       0x94 Src/sysmem.o
 .debug_macro   0x0000000000000000       0x3c Src/sysmem.o
 .debug_macro   0x0000000000000000       0x34 Src/sysmem.o
 .debug_macro   0x0000000000000000      0x174 Src/sysmem.o
 .debug_macro   0x0000000000000000       0x16 Src/sysmem.o
 .debug_macro   0x0000000000000000       0x43 Src/sysmem.o
 .debug_macro   0x0000000000000000       0x57 Src/sysmem.o
 .debug_macro   0x0000000000000000       0x34 Src/sysmem.o
 .debug_macro   0x0000000000000000       0x10 Src/sysmem.o
 .debug_macro   0x0000000000000000       0x58 Src/sysmem.o
 .debug_macro   0x0000000000000000       0x71 Src/sysmem.o
 .debug_macro   0x0000000000000000       0x1c Src/sysmem.o
 .debug_macro   0x0000000000000000      0x12a Src/sysmem.o
 .debug_macro   0x0000000000000000      0x23b Src/sysmem.o
 .debug_macro   0x0000000000000000      0x103 Src/sysmem.o
 .debug_macro   0x0000000000000000       0x6a Src/sysmem.o
 .debug_macro   0x0000000000000000      0x1df Src/sysmem.o
 .debug_line    0x0000000000000000      0x4f3 Src/sysmem.o
 .debug_str     0x0000000000000000     0x6260 Src/sysmem.o
 .comment       0x0000000000000000       0x54 Src/sysmem.o
 .debug_frame   0x0000000000000000       0x34 Src/sysmem.o
 .ARM.attributes
                0x0000000000000000       0x2d Src/sysmem.o
 .text          0x0000000000000000       0x14 Startup/startup_stm32f103c4tx.o
 .data          0x0000000000000000        0x0 Startup/startup_stm32f103c4tx.o
 .bss           0x0000000000000000        0x0 Startup/startup_stm32f103c4tx.o
 .text          0x0000000000000000        0x0 c:/st/stm32cubeide_1.6.1/stm32cubeide/plugins/com.st.stm32cube.ide.mcu.externaltools.gnu-tools-for-stm32.9-2020-q2-update.win32_1.5.0.202011040924/tools/bin/../lib/gcc/arm-none-eabi/9.3.1/../../../../arm-none-eabi/lib/thumb/v7-m/nofp\libc_nano.a(lib_a-errno.o)
 .data          0x0000000000000000        0x0 c:/st/stm32cubeide_1.6.1/stm32cubeide/plugins/com.st.stm32cube.ide.mcu.externaltools.gnu-tools-for-stm32.9-2020-q2-update.win32_1.5.0.202011040924/tools/bin/../lib/gcc/arm-none-eabi/9.3.1/../../../../arm-none-eabi/lib/thumb/v7-m/nofp\libc_nano.a(lib_a-errno.o)
 .bss           0x0000000000000000        0x0 c:/st/stm32cubeide_1.6.1/stm32cubeide/plugins/com.st.stm32cube.ide.mcu.externaltools.gnu-tools-for-stm32.9-2020-q2-update.win32_1.5.0.202011040924/tools/bin/../lib/gcc/arm-none-eabi/9.3.1/../../../../arm-none-eabi/lib/thumb/v7-m/nofp\libc_nano.a(lib_a-errno.o)
 .text.__errno  0x0000000000000000        0xc c:/st/stm32cubeide_1.6.1/stm32cubeide/plugins/com.st.stm32cube.ide.mcu.externaltools.gnu-tools-for-stm32.9-2020-q2-update.win32_1.5.0.202011040924/tools/bin/../lib/gcc/arm-none-eabi/9.3.1/../../../../arm-none-eabi/lib/thumb/v7-m/nofp\libc_nano.a(lib_a-errno.o)
 .debug_frame   0x0000000000000000       0x20 c:/st/stm32cubeide_1.6.1/stm32cubeide/plugins/com.st.stm32cube.ide.mcu.externaltools.gnu-tools-for-stm32.9-2020-q2-update.win32_1.5.0.202011040924/tools/bin/../lib/gcc/arm-none-eabi/9.3.1/../../../../arm-none-eabi/lib/thumb/v7-m/nofp\libc_nano.a(lib_a-errno.o)
 .ARM.attributes
                0x0000000000000000       0x2d c:/st/stm32cubeide_1.6.1/stm32cubeide/plugins/com.st.stm32cube.ide.mcu.externaltools.gnu-tools-for-stm32.9-2020-q2-update.win32_1.5.0.202011040924/tools/bin/../lib/gcc/arm-none-eabi/9.3.1/../../../../arm-none-eabi/lib/thumb/v7-m/nofp\libc_nano.a(lib_a-errno.o)
 .text          0x0000000000000000        0x0 c:/st/stm32cubeide_1.6.1/stm32cubeide/plugins/com.st.stm32cube.ide.mcu.externaltools.gnu-tools-for-stm32.9-2020-q2-update.win32_1.5.0.202011040924/tools/bin/../lib/gcc/arm-none-eabi/9.3.1/../../../../arm-none-eabi/lib/thumb/v7-m/nofp\libc_nano.a(lib_a-exit.o)
 .data          0x0000000000000000        0x0 c:/st/stm32cubeide_1.6.1/stm32cubeide/plugins/com.st.stm32cube.ide.mcu.externaltools.gnu-tools-for-stm32.9-2020-q2-update.win32_1.5.0.202011040924/tools/bin/../lib/gcc/arm-none-eabi/9.3.1/../../../../arm-none-eabi/lib/thumb/v7-m/nofp\libc_nano.a(lib_a-exit.o)
 .bss           0x0000000000000000        0x0 c:/st/stm32cubeide_1.6.1/stm32cubeide/plugins/com.st.stm32cube.ide.mcu.externaltools.gnu-tools-for-stm32.9-2020-q2-update.win32_1.5.0.202011040924/tools/bin/../lib/gcc/arm-none-eabi/9.3.1/../../../../arm-none-eabi/lib/thumb/v7-m/nofp\libc_nano.a(lib_a-exit.o)
 .text.exit     0x0000000000000000       0x28 c:/st/stm32cubeide_1.6.1/stm32cubeide/plugins/com.st.stm32cube.ide.mcu.externaltools.gnu-tools-for-stm32.9-2020-q2-update.win32_1.5.0.202011040924/tools/bin/../lib/gcc/arm-none-eabi/9.3.1/../../../../arm-none-eabi/lib/thumb/v7-m/nofp\libc_nano.a(lib_a-exit.o)
 .debug_frame   0x0000000000000000       0x28 c:/st/stm32cubeide_1.6.1/stm32cubeide/plugins/com.st.stm32cube.ide.mcu.externaltools.gnu-tools-for-stm32.9-2020-q2-update.win32_1.5.0.202011040924/tools/bin/../lib/gcc/arm-none-eabi/9.3.1/../../../../arm-none-eabi/lib/thumb/v7-m/nofp\libc_nano.a(lib_a-exit.o)
 .ARM.attributes
                0x0000000000000000       0x2d c:/st/stm32cubeide_1.6.1/stm32cubeide/plugins/com.st.stm32cube.ide.mcu.externaltools.gnu-tools-for-stm32.9-2020-q2-update.win32_1.5.0.202011040924/tools/bin/../lib/gcc/arm-none-eabi/9.3.1/../../../../arm-none-eabi/lib/thumb/v7-m/nofp\libc_nano.a(lib_a-exit.o)
 .text          0x0000000000000000        0x0 c:/st/stm32cubeide_1.6.1/stm32cubeide/plugins/com.st.stm32cube.ide.mcu.externaltools.gnu-tools-for-stm32.9-2020-q2-update.win32_1.5.0.202011040924/tools/bin/../lib/gcc/arm-none-eabi/9.3.1/../../../../arm-none-eabi/lib/thumb/v7-m/nofp\libc_nano.a(lib_a-impure.o)
 .data          0x0000000000000000        0x0 c:/st/stm32cubeide_1.6.1/stm32cubeide/plugins/com.st.stm32cube.ide.mcu.externaltools.gnu-tools-for-stm32.9-2020-q2-update.win32_1.5.0.202011040924/tools/bin/../lib/gcc/arm-none-eabi/9.3.1/../../../../arm-none-eabi/lib/thumb/v7-m/nofp\libc_nano.a(lib_a-impure.o)
 .bss           0x0000000000000000        0x0 c:/st/stm32cubeide_1.6.1/stm32cubeide/plugins/com.st.stm32cube.ide.mcu.externaltools.gnu-tools-for-stm32.9-2020-q2-update.win32_1.5.0.202011040924/tools/bin/../lib/gcc/arm-none-eabi/9.3.1/../../../../arm-none-eabi/lib/thumb/v7-m/nofp\libc_nano.a(lib_a-impure.o)
 .data._impure_ptr
                0x0000000000000000        0x4 c:/st/stm32cubeide_1.6.1/stm32cubeide/plugins/com.st.stm32cube.ide.mcu.externaltools.gnu-tools-for-stm32.9-2020-q2-update.win32_1.5.0.202011040924/tools/bin/../lib/gcc/arm-none-eabi/9.3.1/../../../../arm-none-eabi/lib/thumb/v7-m/nofp\libc_nano.a(lib_a-impure.o)
 .data.impure_data
                0x0000000000000000       0x60 c:/st/stm32cubeide_1.6.1/stm32cubeide/plugins/com.st.stm32cube.ide.mcu.externaltools.gnu-tools-for-stm32.9-2020-q2-update.win32_1.5.0.202011040924/tools/bin/../lib/gcc/arm-none-eabi/9.3.1/../../../../arm-none-eabi/lib/thumb/v7-m/nofp\libc_nano.a(lib_a-impure.o)
 .rodata._global_impure_ptr
                0x0000000000000000        0x4 c:/st/stm32cubeide_1.6.1/stm32cubeide/plugins/com.st.stm32cube.ide.mcu.externaltools.gnu-tools-for-stm32.9-2020-q2-update.win32_1.5.0.202011040924/tools/bin/../lib/gcc/arm-none-eabi/9.3.1/../../../../arm-none-eabi/lib/thumb/v7-m/nofp\libc_nano.a(lib_a-impure.o)
 .ARM.attributes
                0x0000000000000000       0x2d c:/st/stm32cubeide_1.6.1/stm32cubeide/plugins/com.st.stm32cube.ide.mcu.externaltools.gnu-tools-for-stm32.9-2020-q2-update.win32_1.5.0.202011040924/tools/bin/../lib/gcc/arm-none-eabi/9.3.1/../../../../arm-none-eabi/lib/thumb/v7-m/nofp\libc_nano.a(lib_a-impure.o)
 .text          0x0000000000000000        0x0 c:/st/stm32cubeide_1.6.1/stm32cubeide/plugins/com.st.stm32cube.ide.mcu.externaltools.gnu-tools-for-stm32.9-2020-q2-update.win32_1.5.0.202011040924/tools/bin/../lib/gcc/arm-none-eabi/9.3.1/../../../../arm-none-eabi/lib/thumb/v7-m/nofp\libc_nano.a(lib_a-init.o)
 .data          0x0000000000000000        0x0 c:/st/stm32cubeide_1.6.1/stm32cubeide/plugins/com.st.stm32cube.ide.mcu.externaltools.gnu-tools-for-stm32.9-2020-q2-update.win32_1.5.0.202011040924/tools/bin/../lib/gcc/arm-none-eabi/9.3.1/../../../../arm-none-eabi/lib/thumb/v7-m/nofp\libc_nano.a(lib_a-init.o)
 .bss           0x0000000000000000        0x0 c:/st/stm32cubeide_1.6.1/stm32cubeide/plugins/com.st.stm32cube.ide.mcu.externaltools.gnu-tools-for-stm32.9-2020-q2-update.win32_1.5.0.202011040924/tools/bin/../lib/gcc/arm-none-eabi/9.3.1/../../../../arm-none-eabi/lib/thumb/v7-m/nofp\libc_nano.a(lib_a-init.o)
 .text          0x0000000000000000        0x0 c:/st/stm32cubeide_1.6.1/stm32cubeide/plugins/com.st.stm32cube.ide.mcu.externaltools.gnu-tools-for-stm32.9-2020-q2-update.win32_1.5.0.202011040924/tools/bin/../lib/gcc/arm-none-eabi/9.3.1/../../../../arm-none-eabi/lib/thumb/v7-m/nofp\libc_nano.a(lib_a-itoa.o)
 .data          0x0000000000000000        0x0 c:/st/stm32cubeide_1.6.1/stm32cubeide/plugins/com.st.stm32cube.ide.mcu.externaltools.gnu-tools-for-stm32.9-2020-q2-update.win32_1.5.0.202011040924/tools/bin/../lib/gcc/arm-none-eabi/9.3.1/../../../../arm-none-eabi/lib/thumb/v7-m/nofp\libc_nano.a(lib_a-itoa.o)
 .bss           0x0000000000000000        0x0 c:/st/stm32cubeide_1.6.1/stm32cubeide/plugins/com.st.stm32cube.ide.mcu.externaltools.gnu-tools-for-stm32.9-2020-q2-update.win32_1.5.0.202011040924/tools/bin/../lib/gcc/arm-none-eabi/9.3.1/../../../../arm-none-eabi/lib/thumb/v7-m/nofp\libc_nano.a(lib_a-itoa.o)
 .text          0x0000000000000000        0x0 c:/st/stm32cubeide_1.6.1/stm32cubeide/plugins/com.st.stm32cube.ide.mcu.externaltools.gnu-tools-for-stm32.9-2020-q2-update.win32_1.5.0.202011040924/tools/bin/../lib/gcc/arm-none-eabi/9.3.1/../../../../arm-none-eabi/lib/thumb/v7-m/nofp\libc_nano.a(lib_a-memset.o)
 .data          0x0000000000000000        0x0 c:/st/stm32cubeide_1.6.1/stm32cubeide/plugins/com.st.stm32cube.ide.mcu.externaltools.gnu-tools-for-stm32.9-2020-q2-update.win32_1.5.0.202011040924/tools/bin/../lib/gcc/arm-none-eabi/9.3.1/../../../../arm-none-eabi/lib/thumb/v7-m/nofp\libc_nano.a(lib_a-memset.o)
 .bss           0x0000000000000000        0x0 c:/st/stm32cubeide_1.6.1/stm32cubeide/plugins/com.st.stm32cube.ide.mcu.externaltools.gnu-tools-for-stm32.9-2020-q2-update.win32_1.5.0.202011040924/tools/bin/../lib/gcc/arm-none-eabi/9.3.1/../../../../arm-none-eabi/lib/thumb/v7-m/nofp\libc_nano.a(lib_a-memset.o)
 .text          0x0000000000000000        0x0 c:/st/stm32cubeide_1.6.1/stm32cubeide/plugins/com.st.stm32cube.ide.mcu.externaltools.gnu-tools-for-stm32.9-2020-q2-update.win32_1.5.0.202011040924/tools/bin/../lib/gcc/arm-none-eabi/9.3.1/../../../../arm-none-eabi/lib/thumb/v7-m/nofp\libc_nano.a(lib_a-utoa.o)
 .data          0x0000000000000000        0x0 c:/st/stm32cubeide_1.6.1/stm32cubeide/plugins/com.st.stm32cube.ide.mcu.externaltools.gnu-tools-for-stm32.9-2020-q2-update.win32_1.5.0.202011040924/tools/bin/../lib/gcc/arm-none-eabi/9.3.1/../../../../arm-none-eabi/lib/thumb/v7-m/nofp\libc_nano.a(lib_a-utoa.o)
 .bss           0x0000000000000000        0x0 c:/st/stm32cubeide_1.6.1/stm32cubeide/plugins/com.st.stm32cube.ide.mcu.externaltools.gnu-tools-for-stm32.9-2020-q2-update.win32_1.5.0.202011040924/tools/bin/../lib/gcc/arm-none-eabi/9.3.1/../../../../arm-none-eabi/lib/thumb/v7-m/nofp\libc_nano.a(lib_a-utoa.o)
 .text.utoa     0x0000000000000000        0x4 c:/st/stm32cubeide_1.6.1/stm32cubeide/plugins/com.st.stm32cube.ide.mcu.externaltools.gnu-tools-for-stm32.9-2020-q2-update.win32_1.5.0.202011040924/tools/bin/../lib/gcc/arm-none-eabi/9.3.1/../../../../arm-none-eabi/lib/thumb/v7-m/nofp\libc_nano.a(lib_a-utoa.o)
 .text          0x0000000000000000        0x0 c:/st/stm32cubeide_1.6.1/stm32cubeide/plugins/com.st.stm32cube.ide.mcu.externaltools.gnu-tools-for-stm32.9-2020-q2-update.win32_1.5.0.202011040924/tools/bin/../lib/gcc/arm-none-eabi/9.3.1/thumb/v7-m/nofp/crtend.o
 .data          0x0000000000000000        0x0 c:/st/stm32cubeide_1.6.1/stm32cubeide/plugins/com.st.stm32cube.ide.mcu.externaltools.gnu-tools-for-stm32.9-2020-q2-update.win32_1.5.0.202011040924/tools/bin/../lib/gcc/arm-none-eabi/9.3.1/thumb/v7-m/nofp/crtend.o
 .bss           0x0000000000000000        0x0 c:/st/stm32cubeide_1.6.1/stm32cubeide/plugins/com.st.stm32cube.ide.mcu.externaltools.gnu-tools-for-stm32.9-2020-q2-update.win32_1.5.0.202011040924/tools/bin/../lib/gcc/arm-none-eabi/9.3.1/thumb/v7-m/nofp/crtend.o
 .eh_frame      0x0000000000000000        0x4 c:/st/stm32cubeide_1.6.1/stm32cubeide/plugins/com.st.stm32cube.ide.mcu.externaltools.gnu-tools-for-stm32.9-2020-q2-update.win32_1.5.0.202011040924/tools/bin/../lib/gcc/arm-none-eabi/9.3.1/thumb/v7-m/nofp/crtend.o
 .ARM.attributes
                0x0000000000000000       0x2d c:/st/stm32cubeide_1.6.1/stm32cubeide/plugins/com.st.stm32cube.ide.mcu.externaltools.gnu-tools-for-stm32.9-2020-q2-update.win32_1.5.0.202011040924/tools/bin/../lib/gcc/arm-none-eabi/9.3.1/thumb/v7-m/nofp/crtend.o
 .text          0x0000000000000000        0x0 c:/st/stm32cubeide_1.6.1/stm32cubeide/plugins/com.st.stm32cube.ide.mcu.externaltools.gnu-tools-for-stm32.9-2020-q2-update.win32_1.5.0.202011040924/tools/bin/../lib/gcc/arm-none-eabi/9.3.1/thumb/v7-m/nofp/crtn.o
 .data          0x0000000000000000        0x0 c:/st/stm32cubeide_1.6.1/stm32cubeide/plugins/com.st.stm32cube.ide.mcu.externaltools.gnu-tools-for-stm32.9-2020-q2-update.win32_1.5.0.202011040924/tools/bin/../lib/gcc/arm-none-eabi/9.3.1/thumb/v7-m/nofp/crtn.o
 .bss           0x0000000000000000        0x0 c:/st/stm32cubeide_1.6.1/stm32cubeide/plugins/com.st.stm32cube.ide.mcu.externaltools.gnu-tools-for-stm32.9-2020-q2-update.win32_1.5.0.202011040924/tools/bin/../lib/gcc/arm-none-eabi/9.3.1/thumb/v7-m/nofp/crtn.o

Memory Configuration

Name             Origin             Length             Attributes
RAM              0x0000000020000000 0x0000000000001800 xrw
FLASH            0x0000000008000000 0x0000000000004000 xr
*default*        0x0000000000000000 0xffffffffffffffff

Linker script and memory map

LOAD c:/st/stm32cubeide_1.6.1/stm32cubeide/plugins/com.st.stm32cube.ide.mcu.externaltools.gnu-tools-for-stm32.9-2020-q2-update.win32_1.5.0.202011040924/tools/bin/../lib/gcc/arm-none-eabi/9.3.1/thumb/v7-m/nofp/crti.o
LOAD c:/st/stm32cubeide_1.6.1/stm32cubeide/plugins/com.st.stm32cube.ide.mcu.externaltools.gnu-tools-for-stm32.9-2020-q2-update.win32_1.5.0.202011040924/tools/bin/../lib/gcc/arm-none-eabi/9.3.1/thumb/v7-m/nofp/crtbegin.o
LOAD c:/st/stm32cubeide_1.6.1/stm32cubeide/plugins/com.st.stm32cube.ide.mcu.externaltools.gnu-tools-for-stm32.9-2020-q2-update.win32_1.5.0.202011040924/tools/bin/../lib/gcc/arm-none-eabi/9.3.1/../../../../arm-none-eabi/lib/thumb/v7-m/nofp/crt0.o
LOAD Src/DIO_PROGRAM.o
LOAD Src/LCD_program.o
LOAD Src/PB_Config.o
LOAD Src/PB_program.o
LOAD Src/RCC_PROGRAM.o
LOAD Src/RTOS_program.o
LOAD Src/STK_program.o
LOAD Src/T2DELAY_program.o
LOAD Src/main.o
LOAD Src/syscalls.o
LOAD Src/sysmem.o
LOAD Startup/startup_stm32f103c4tx.o
START GROUP
LOAD c:/st/stm32cubeide_1.6.1/stm32cubeide/plugins/com.st.stm32cube.ide.mcu.externaltools.gnu-tools-for-stm32.9-2020-q2-update.win32_1.5.0.202011040924/tools/bin/../lib/gcc/arm-none-eabi/9.3.1/../../../../arm-none-eabi/lib/thumb/v7-m/nofp\libc_nano.a
LOAD c:/st/stm32cubeide_1.6.1/stm32cubeide/plugins/com.st.stm32cube.ide.mcu.externaltools.gnu-tools-for-stm32.9-2020-q2-update.win32_1.5.0.202011040924/tools/bin/../lib/gcc/arm-none-eabi/9.3.1/../../../../arm-none-eabi/lib/thumb/v7-m/nofp\libm.a
END GROUP
START GROUP
LOAD c:/st/stm32cubeide_1.6.1/stm32cubeide/plugins/com.st.stm32cube.ide.mcu.externaltools.gnu-tools-for-stm32.9-2020-q2-update.win32_1.5.0.202011040924/tools/bin/../lib/gcc/arm-none-eabi/9.3.1/thumb/v7-m/nofp\libgcc.a
LOAD c:/st/stm32cubeide_1.6.1/stm32cubeide/plugins/com.st.stm32cube.ide.mcu.externaltools.gnu-tools-for-stm32.9-2020-q2-update.win32_1.5.0.202011040924/tools/bin/../lib/gcc/arm-none-eabi/9.3.1/../../../../arm-none-eabi/lib/thumb/v7-m/nofp\libg_nano.a
LOAD c:/st/stm32cubeide_1.6.1/stm32cubeide/plugins/com.st.stm32cube.ide.mcu.externaltools.gnu-tools-for-stm32.9-2020-q2-update.win32_1.5.0.202011040924/tools/bin/../lib/gcc/arm-none-eabi/9.3.1/../../../../arm-none-eabi/lib/thumb/v7-m/nofp\libc_nano.a
END GROUP
START GROUP
LOAD c:/st/stm32cubeide_1.6.1/stm32cubeide/plugins/com.st.stm32cube.ide.mcu.externaltools.gnu-tools-for-stm32.9-2020-q2-update.win32_1.5.0.202011040924/tools/bin/../lib/gcc/arm-none-eabi/9.3.1/thumb/v7-m/nofp\libgcc.a
LOAD c:/st/stm32cubeide_1.6.1/stm32cubeide/plugins/com.st.stm32cube.ide.mcu.externaltools.gnu-tools-for-stm32.9-2020-q2-update.win32_1.5.0.202011040924/tools/bin/../lib/gcc/arm-none-eabi/9.3.1/../../../../arm-none-eabi/lib/thumb/v7-m/nofp\libc_nano.a
LOAD c:/st/stm32cubeide_1.6.1/stm32cubeide/plugins/com.st.stm32cube.ide.mcu.externaltools.gnu-tools-for-stm32.9-2020-q2-update.win32_1.5.0.202011040924/tools/bin/../lib/gcc/arm-none-eabi/9.3.1/../../../../arm-none-eabi/lib/thumb/v7-m/nofp\libnosys.a
END GROUP
START GROUP
LOAD c:/st/stm32cubeide_1.6.1/stm32cubeide/plugins/com.st.stm32cube.ide.mcu.externaltools.gnu-tools-for-stm32.9-2020-q2-update.win32_1.5.0.202011040924/tools/bin/../lib/gcc/arm-none-eabi/9.3.1/thumb/v7-m/nofp\libgcc.a
LOAD c:/st/stm32cubeide_1.6.1/stm32cubeide/plugins/com.st.stm32cube.ide.mcu.externaltools.gnu-tools-for-stm32.9-2020-q2-update.win32_1.5.0.202011040924/tools/bin/../lib/gcc/arm-none-eabi/9.3.1/../../../../arm-none-eabi/lib/thumb/v7-m/nofp\libc_nano.a
LOAD c:/st/stm32cubeide_1.6.1/stm32cubeide/plugins/com.st.stm32cube.ide.mcu.externaltools.gnu-tools-for-stm32.9-2020-q2-update.win32_1.5.0.202011040924/tools/bin/../lib/gcc/arm-none-eabi/9.3.1/../../../../arm-none-eabi/lib/thumb/v7-m/nofp\libnosys.a
END GROUP
LOAD c:/st/stm32cubeide_1.6.1/stm32cubeide/plugins/com.st.stm32cube.ide.mcu.externaltools.gnu-tools-for-stm32.9-2020-q2-update.win32_1.5.0.202011040924/tools/bin/../lib/gcc/arm-none-eabi/9.3.1/thumb/v7-m/nofp/crtend.o
LOAD c:/st/stm32cubeide_1.6.1/stm32cubeide/plugins/com.st.stm32cube.ide.mcu.externaltools.gnu-tools-for-stm32.9-2020-q2-update.win32_1.5.0.202011040924/tools/bin/../lib/gcc/arm-none-eabi/9.3.1/thumb/v7-m/nofp/crtn.o
                0x0000000020001800                _estack = (ORIGIN (RAM) + LENGTH (RAM))
                0x0000000000000200                _Min_Heap_Size = 0x200
                0x0000000000000400                _Min_Stack_Size = 0x400

.isr_vector     0x0000000008000000      0x130
                0x0000000008000000                . = ALIGN (0x4)
 *(.isr_vector)
 .isr_vector    0x0000000008000000      0x130 Startup/startup_stm32f103c4tx.o
                0x0000000008000000                g_pfnVectors
                0x0000000008000130                . = ALIGN (0x4)

.text           0x0000000008000130     0x1448
                0x0000000008000130                . = ALIGN (0x4)
 *(.text)
 .text          0x0000000008000130       0x40 c:/st/stm32cubeide_1.6.1/stm32cubeide/plugins/com.st.stm32cube.ide.mcu.externaltools.gnu-tools-for-stm32.9-2020-q2-update.win32_1.5.0.202011040924/tools/bin/../lib/gcc/arm-none-eabi/9.3.1/thumb/v7-m/nofp/crtbegin.o
 *(.text*)
 .text.MGPIO_voidSetPinDirection
                0x0000000008000170      0x1bc Src/DIO_PROGRAM.o
                0x0000000008000170                MGPIO_voidSetPinDirection
 .text.MGPIO_voidSetPinValue
                0x000000000800032c       0xf4 Src/DIO_PROGRAM.o
                0x000000000800032c                MGPIO_voidSetPinValue
 .text.MGPIO_u8GetPinValue
                0x0000000008000420       0x7c Src/DIO_PROGRAM.o
                0x0000000008000420                MGPIO_u8GetPinValue
 .text.MGPIO_voidSetPortDirection
                0x000000000800049c       0x6c Src/DIO_PROGRAM.o
                0x000000000800049c                MGPIO_voidSetPortDirection
 .text.MGPIO_voidSetPortValue
                0x0000000008000508       0x78 Src/DIO_PROGRAM.o
                0x0000000008000508                MGPIO_voidSetPortValue
 .text.HLCD_voidInit
                0x0000000008000580       0x7e Src/LCD_program.o
                0x0000000008000580                HLCD_voidInit
 .text.HLCD_voidSendCommand
                0x00000000080005fe       0x60 Src/LCD_program.o
                0x00000000080005fe                HLCD_voidSendCommand
 .text.HLCD_voidDisplayClear
                0x000000000800065e        0xe Src/LCD_program.o
                0x000000000800065e                HLCD_voidDisplayClear
 .text.HLCD_voidGoTo
                0x000000000800066c       0x64 Src/LCD_program.o
                0x000000000800066c                HLCD_voidGoTo
 .text.HLCD_voidSendChar
                0x00000000080006d0       0x60 Src/LCD_program.o
                0x00000000080006d0                HLCD_voidSendChar
 .text.HLCD_voidSendString
                0x0000000008000730       0x40 Src/LCD_program.o
                0x0000000008000730                HLCD_voidSendString
 .text.HLCD_voidNumberDisplay
                0x0000000008000770       0x38 Src/LCD_program.o
                0x0000000008000770                HLCD_voidNumberDisplay
 .text.HPB_Update
                0x00000000080007a8      0x18c Src/PB_program.o
                0x00000000080007a8                HPB_Update
 .text.MRCC_voidInit
                0x0000000008000934       0x38 Src/RCC_PROGRAM.o
                0x0000000008000934                MRCC_voidInit
 .text.MRCC_voidClkEnable
                0x000000000800096c       0x58 Src/RCC_PROGRAM.o
                0x000000000800096c                MRCC_voidClkEnable
 .text.MRCC_voidClkDisable
                0x00000000080009c4       0x58 Src/RCC_PROGRAM.o
                0x00000000080009c4                MRCC_voidClkDisable
 .text.MRCC_u8CheckClockReady
                0x0000000008000a1c       0x64 Src/RCC_PROGRAM.o
                0x0000000008000a1c                MRCC_u8CheckClockReady
 .text.MRCC_voidSetBusesPrescalars
                0x0000000008000a80       0x60 Src/RCC_PROGRAM.o
                0x0000000008000a80                MRCC_voidSetBusesPrescalars
 .text.MRCC_voidPerClock_State
                0x0000000008000ae0       0xf0 Src/RCC_PROGRAM.o
                0x0000000008000ae0                MRCC_voidPerClock_State
 .text.RTOS_voidInit
                0x0000000008000bd0       0x1c Src/RTOS_program.o
                0x0000000008000bd0                RTOS_voidInit
 .text.RTOS_voidCreateTask
                0x0000000008000bec       0x48 Src/RTOS_program.o
                0x0000000008000bec                RTOS_voidCreateTask
 .text.RTOS_voidScheduler
                0x0000000008000c34       0x80 Src/RTOS_program.o
                0x0000000008000c34                RTOS_voidScheduler
 .text.MSTK_voidInit
                0x0000000008000cb4       0x18 Src/STK_program.o
                0x0000000008000cb4                MSTK_voidInit
 .text.MSTK_voidSetIntervalPeriodic
                0x0000000008000ccc       0x4c Src/STK_program.o
                0x0000000008000ccc                MSTK_voidSetIntervalPeriodic
 .text.SysTick_Handler
                0x0000000008000d18       0x5c Src/STK_program.o
                0x0000000008000d18                SysTick_Handler
 .text.MTIMER2_voidInitTimer2Delay
                0x0000000008000d74       0x24 Src/T2DELAY_program.o
                0x0000000008000d74                MTIMER2_voidInitTimer2Delay
 .text.MTIMER2_voidStartDealyInMicroSeconds
                0x0000000008000d98      0x10c Src/T2DELAY_program.o
                0x0000000008000d98                MTIMER2_voidStartDealyInMicroSeconds
 .text.ALARM_START
                0x0000000008000ea4      0x21c Src/main.o
                0x0000000008000ea4                ALARM_START
 .text.Counter  0x00000000080010c0       0x98 Src/main.o
                0x00000000080010c0                Counter
 .text.DisplayClock
                0x0000000008001158       0x84 Src/main.o
                0x0000000008001158                DisplayClock
 .text.DisplaySetAlarm
                0x00000000080011dc       0x84 Src/main.o
                0x00000000080011dc                DisplaySetAlarm
 .text.Start_Alarming_Task
                0x0000000008001260       0xcc Src/main.o
                0x0000000008001260                Start_Alarming_Task
 .text.main     0x000000000800132c       0xd0 Src/main.o
                0x000000000800132c                main
 .text.Reset_Handler
                0x00000000080013fc       0x50 Startup/startup_stm32f103c4tx.o
                0x00000000080013fc                Reset_Handler
 .text.Default_Handler
                0x000000000800144c        0x2 Startup/startup_stm32f103c4tx.o
                0x000000000800144c                EXTI2_IRQHandler
                0x000000000800144c                TIM8_TRG_COM_IRQHandler
                0x000000000800144c                TIM8_CC_IRQHandler
                0x000000000800144c                DebugMon_Handler
                0x000000000800144c                TIM1_CC_IRQHandler
                0x000000000800144c                HardFault_Handler
                0x000000000800144c                TIM6_IRQHandler
                0x000000000800144c                PVD_IRQHandler
                0x000000000800144c                SDIO_IRQHandler
                0x000000000800144c                PendSV_Handler
                0x000000000800144c                NMI_Handler
                0x000000000800144c                EXTI3_IRQHandler
                0x000000000800144c                USB_HP_CAN_TX_IRQHandler
                0x000000000800144c                EXTI0_IRQHandler
                0x000000000800144c                I2C2_EV_IRQHandler
                0x000000000800144c                UsageFault_Handler
                0x000000000800144c                ADC1_2_IRQHandler
                0x000000000800144c                SPI1_IRQHandler
                0x000000000800144c                CAN_SCE_IRQHandler
                0x000000000800144c                TAMPER_IRQHandler
                0x000000000800144c                TIM8_UP_IRQHandler
                0x000000000800144c                DMA2_Channel2_IRQHandler
                0x000000000800144c                DMA1_Channel4_IRQHandler
                0x000000000800144c                USART3_IRQHandler
                0x000000000800144c                RTC_IRQHandler
                0x000000000800144c                DMA1_Channel7_IRQHandler
                0x000000000800144c                UART5_IRQHandler
                0x000000000800144c                ADC3_IRQHandler
                0x000000000800144c                TIM4_IRQHandler
                0x000000000800144c                CAN_RX1_IRQHandler
                0x000000000800144c                DMA2_Channel1_IRQHandler
                0x000000000800144c                I2C1_EV_IRQHandler
                0x000000000800144c                DMA1_Channel6_IRQHandler
                0x000000000800144c                UART4_IRQHandler
                0x000000000800144c                TIM3_IRQHandler
                0x000000000800144c                RCC_IRQHandler
                0x000000000800144c                TIM1_TRG_COM_IRQHandler
                0x000000000800144c                DMA1_Channel1_IRQHandler
                0x000000000800144c                Default_Handler
                0x000000000800144c                EXTI15_10_IRQHandler
                0x000000000800144c                TIM7_IRQHandler
                0x000000000800144c                TIM5_IRQHandler
                0x000000000800144c                EXTI9_5_IRQHandler
                0x000000000800144c                SPI2_IRQHandler
                0x000000000800144c                USB_LP_CAN_RX0_IRQHandler
                0x000000000800144c                MemManage_Handler
                0x000000000800144c                SVC_Handler
                0x000000000800144c                DMA1_Channel5_IRQHandler
                0x000000000800144c                EXTI4_IRQHandler
                0x000000000800144c                DMA1_Channel3_IRQHandler
                0x000000000800144c                FSMC_IRQHandler
                0x000000000800144c                TIM1_UP_IRQHandler
                0x000000000800144c                WWDG_IRQHandler
                0x000000000800144c                TIM2_IRQHandler
                0x000000000800144c                TIM1_BRK_IRQHandler
                0x000000000800144c                EXTI1_IRQHandler
                0x000000000800144c                RTCAlarm_IRQHandler
                0x000000000800144c                DMA2_Channel4_5_IRQHandler
                0x000000000800144c                USART2_IRQHandler
                0x000000000800144c                I2C2_ER_IRQHandler
                0x000000000800144c                DMA1_Channel2_IRQHandler
                0x000000000800144c                TIM8_BRK_IRQHandler
                0x000000000800144c                FLASH_IRQHandler
                0x000000000800144c                BusFault_Handler
                0x000000000800144c                USART1_IRQHandler
                0x000000000800144c                SPI3_IRQHandler
                0x000000000800144c                I2C1_ER_IRQHandler
                0x000000000800144c                DMA2_Channel3_IRQHandler
 *fill*         0x000000000800144e        0x2 
 .text.__libc_init_array
                0x0000000008001450       0x48 c:/st/stm32cubeide_1.6.1/stm32cubeide/plugins/com.st.stm32cube.ide.mcu.externaltools.gnu-tools-for-stm32.9-2020-q2-update.win32_1.5.0.202011040924/tools/bin/../lib/gcc/arm-none-eabi/9.3.1/../../../../arm-none-eabi/lib/thumb/v7-m/nofp\libc_nano.a(lib_a-init.o)
                0x0000000008001450                __libc_init_array
 .text.__itoa   0x0000000008001498       0x30 c:/st/stm32cubeide_1.6.1/stm32cubeide/plugins/com.st.stm32cube.ide.mcu.externaltools.gnu-tools-for-stm32.9-2020-q2-update.win32_1.5.0.202011040924/tools/bin/../lib/gcc/arm-none-eabi/9.3.1/../../../../arm-none-eabi/lib/thumb/v7-m/nofp\libc_nano.a(lib_a-itoa.o)
                0x0000000008001498                __itoa
 .text.itoa     0x00000000080014c8        0x4 c:/st/stm32cubeide_1.6.1/stm32cubeide/plugins/com.st.stm32cube.ide.mcu.externaltools.gnu-tools-for-stm32.9-2020-q2-update.win32_1.5.0.202011040924/tools/bin/../lib/gcc/arm-none-eabi/9.3.1/../../../../arm-none-eabi/lib/thumb/v7-m/nofp\libc_nano.a(lib_a-itoa.o)
                0x00000000080014c8                itoa
 .text.memset   0x00000000080014cc       0x10 c:/st/stm32cubeide_1.6.1/stm32cubeide/plugins/com.st.stm32cube.ide.mcu.externaltools.gnu-tools-for-stm32.9-2020-q2-update.win32_1.5.0.202011040924/tools/bin/../lib/gcc/arm-none-eabi/9.3.1/../../../../arm-none-eabi/lib/thumb/v7-m/nofp\libc_nano.a(lib_a-memset.o)
                0x00000000080014cc                memset
 .text.__utoa   0x00000000080014dc       0x84 c:/st/stm32cubeide_1.6.1/stm32cubeide/plugins/com.st.stm32cube.ide.mcu.externaltools.gnu-tools-for-stm32.9-2020-q2-update.win32_1.5.0.202011040924/tools/bin/../lib/gcc/arm-none-eabi/9.3.1/../../../../arm-none-eabi/lib/thumb/v7-m/nofp\libc_nano.a(lib_a-utoa.o)
                0x00000000080014dc                __utoa
 *(.glue_7)
 .glue_7        0x0000000008001560        0x0 linker stubs
 *(.glue_7t)
 .glue_7t       0x0000000008001560        0x0 linker stubs
 *(.eh_frame)
 .eh_frame      0x0000000008001560        0x0 c:/st/stm32cubeide_1.6.1/stm32cubeide/plugins/com.st.stm32cube.ide.mcu.externaltools.gnu-tools-for-stm32.9-2020-q2-update.win32_1.5.0.202011040924/tools/bin/../lib/gcc/arm-none-eabi/9.3.1/thumb/v7-m/nofp/crtbegin.o
 *(.init)
 .init          0x0000000008001560        0x4 c:/st/stm32cubeide_1.6.1/stm32cubeide/plugins/com.st.stm32cube.ide.mcu.externaltools.gnu-tools-for-stm32.9-2020-q2-update.win32_1.5.0.202011040924/tools/bin/../lib/gcc/arm-none-eabi/9.3.1/thumb/v7-m/nofp/crti.o
                0x0000000008001560                _init
 .init          0x0000000008001564        0x8 c:/st/stm32cubeide_1.6.1/stm32cubeide/plugins/com.st.stm32cube.ide.mcu.externaltools.gnu-tools-for-stm32.9-2020-q2-update.win32_1.5.0.202011040924/tools/bin/../lib/gcc/arm-none-eabi/9.3.1/thumb/v7-m/nofp/crtn.o
 *(.fini)
 .fini          0x000000000800156c        0x4 c:/st/stm32cubeide_1.6.1/stm32cubeide/plugins/com.st.stm32cube.ide.mcu.externaltools.gnu-tools-for-stm32.9-2020-q2-update.win32_1.5.0.202011040924/tools/bin/../lib/gcc/arm-none-eabi/9.3.1/thumb/v7-m/nofp/crti.o
                0x000000000800156c                _fini
 .fini          0x0000000008001570        0x8 c:/st/stm32cubeide_1.6.1/stm32cubeide/plugins/com.st.stm32cube.ide.mcu.externaltools.gnu-tools-for-stm32.9-2020-q2-update.win32_1.5.0.202011040924/tools/bin/../lib/gcc/arm-none-eabi/9.3.1/thumb/v7-m/nofp/crtn.o
                0x0000000008001578                . = ALIGN (0x4)
                0x0000000008001578                _etext = .

.vfp11_veneer   0x0000000008001578        0x0
 .vfp11_veneer  0x0000000008001578        0x0 linker stubs

.v4_bx          0x0000000008001578        0x0
 .v4_bx         0x0000000008001578        0x0 linker stubs

.iplt           0x0000000008001578        0x0
 .iplt          0x0000000008001578        0x0 c:/st/stm32cubeide_1.6.1/stm32cubeide/plugins/com.st.stm32cube.ide.mcu.externaltools.gnu-tools-for-stm32.9-2020-q2-update.win32_1.5.0.202011040924/tools/bin/../lib/gcc/arm-none-eabi/9.3.1/thumb/v7-m/nofp/crtbegin.o

.rodata         0x0000000008001578       0x34
                0x0000000008001578                . = ALIGN (0x4)
 *(.rodata)
 .rodata        0x0000000008001578        0xe Src/main.o
 *(.rodata*)
 .rodata.__utoa.str1.1
                0x0000000008001586       0x25 c:/st/stm32cubeide_1.6.1/stm32cubeide/plugins/com.st.stm32cube.ide.mcu.externaltools.gnu-tools-for-stm32.9-2020-q2-update.win32_1.5.0.202011040924/tools/bin/../lib/gcc/arm-none-eabi/9.3.1/../../../../arm-none-eabi/lib/thumb/v7-m/nofp\libc_nano.a(lib_a-utoa.o)
                0x00000000080015ac                . = ALIGN (0x4)
 *fill*         0x00000000080015ab        0x1 

.rel.dyn        0x00000000080015ac        0x0
 .rel.iplt      0x00000000080015ac        0x0 c:/st/stm32cubeide_1.6.1/stm32cubeide/plugins/com.st.stm32cube.ide.mcu.externaltools.gnu-tools-for-stm32.9-2020-q2-update.win32_1.5.0.202011040924/tools/bin/../lib/gcc/arm-none-eabi/9.3.1/thumb/v7-m/nofp/crtbegin.o

.ARM.extab      0x00000000080015ac        0x0
                0x00000000080015ac                . = ALIGN (0x4)
 *(.ARM.extab* .gnu.linkonce.armextab.*)
                0x00000000080015ac                . = ALIGN (0x4)

.ARM            0x00000000080015ac        0x0
                0x00000000080015ac                . = ALIGN (0x4)
                0x00000000080015ac                __exidx_start = .
 *(.ARM.exidx*)
                0x00000000080015ac                __exidx_end = .
                0x00000000080015ac                . = ALIGN (0x4)

.preinit_array  0x00000000080015ac        0x0
                0x00000000080015ac                . = ALIGN (0x4)
                0x00000000080015ac                PROVIDE (__preinit_array_start = .)
 *(.preinit_array*)
                0x00000000080015ac                PROVIDE (__preinit_array_end = .)
                0x00000000080015ac                . = ALIGN (0x4)

.init_array     0x00000000080015ac        0x4
                0x00000000080015ac                . = ALIGN (0x4)
                0x00000000080015ac                PROVIDE (__init_array_start = .)
 *(SORT_BY_NAME(.init_array.*))
 *(.init_array*)
 .init_array    0x00000000080015ac        0x4 c:/st/stm32cubeide_1.6.1/stm32cubeide/plugins/com.st.stm32cube.ide.mcu.externaltools.gnu-tools-for-stm32.9-2020-q2-update.win32_1.5.0.202011040924/tools/bin/../lib/gcc/arm-none-eabi/9.3.1/thumb/v7-m/nofp/crtbegin.o
                0x00000000080015b0                PROVIDE (__init_array_end = .)
                0x00000000080015b0                . = ALIGN (0x4)

.fini_array     0x00000000080015b0        0x4
                0x00000000080015b0                . = ALIGN (0x4)
                [!provide]                        PROVIDE (__fini_array_start = .)
 *(SORT_BY_NAME(.fini_array.*))
 *(.fini_array*)
 .fini_array    0x00000000080015b0        0x4 c:/st/stm32cubeide_1.6.1/stm32cubeide/plugins/com.st.stm32cube.ide.mcu.externaltools.gnu-tools-for-stm32.9-2020-q2-update.win32_1.5.0.202011040924/tools/bin/../lib/gcc/arm-none-eabi/9.3.1/thumb/v7-m/nofp/crtbegin.o
                [!provide]                        PROVIDE (__fini_array_end = .)
                0x00000000080015b4                . = ALIGN (0x4)
                0x00000000080015b4                _sidata = LOADADDR (.data)

.data           0x0000000020000000       0x24 load address 0x00000000080015b4
                0x0000000020000000                . = ALIGN (0x4)
                0x0000000020000000                _sdata = .
 *(.data)
 *(.data*)
 .data.PB_config
                0x0000000020000000       0x23 Src/PB_Config.o
                0x0000000020000000                PB_config
 *(.RamFunc)
 *(.RamFunc*)
                0x0000000020000024                . = ALIGN (0x4)
 *fill*         0x0000000020000023        0x1 
                0x0000000020000024                _edata = .

.igot.plt       0x0000000020000024        0x0 load address 0x00000000080015d8
 .igot.plt      0x0000000020000024        0x0 c:/st/stm32cubeide_1.6.1/stm32cubeide/plugins/com.st.stm32cube.ide.mcu.externaltools.gnu-tools-for-stm32.9-2020-q2-update.win32_1.5.0.202011040924/tools/bin/../lib/gcc/arm-none-eabi/9.3.1/thumb/v7-m/nofp/crtbegin.o
                0x0000000020000024                . = ALIGN (0x4)

.bss            0x0000000020000024       0x54 load address 0x00000000080015d8
                0x0000000020000024                _sbss = .
                0x0000000020000024                __bss_start__ = _sbss
 *(.bss)
 .bss           0x0000000020000024       0x1c c:/st/stm32cubeide_1.6.1/stm32cubeide/plugins/com.st.stm32cube.ide.mcu.externaltools.gnu-tools-for-stm32.9-2020-q2-update.win32_1.5.0.202011040924/tools/bin/../lib/gcc/arm-none-eabi/9.3.1/thumb/v7-m/nofp/crtbegin.o
 *(.bss*)
 .bss.TASKS     0x0000000020000040       0x20 Src/RTOS_program.o
 .bss.Ticks     0x0000000020000060        0x2 Src/RTOS_program.o
 *fill*         0x0000000020000062        0x2 
 .bss.SysTick_CallBack
                0x0000000020000064        0x4 Src/STK_program.o
 .bss.MSTK_u8ModeOfInterval
                0x0000000020000068        0x1 Src/STK_program.o
 .bss.SEC       0x0000000020000069        0x1 Src/main.o
 .bss.MIN       0x000000002000006a        0x1 Src/main.o
 .bss.HOU       0x000000002000006b        0x1 Src/main.o
 .bss.ALARM_SEC
                0x000000002000006c        0x1 Src/main.o
 .bss.ALARM_MIN
                0x000000002000006d        0x1 Src/main.o
 .bss.ALARM_HOU
                0x000000002000006e        0x1 Src/main.o
 .bss.BUTTON1   0x000000002000006f        0x1 Src/main.o
                0x000000002000006f                BUTTON1
 .bss.BUTTON2   0x0000000020000070        0x1 Src/main.o
                0x0000000020000070                BUTTON2
 .bss.BUTTON3   0x0000000020000071        0x1 Src/main.o
                0x0000000020000071                BUTTON3
 .bss.BUTTON4   0x0000000020000072        0x1 Src/main.o
                0x0000000020000072                BUTTON4
 .bss.BUTTON5   0x0000000020000073        0x1 Src/main.o
                0x0000000020000073                BUTTON5
 .bss.BUTTON6   0x0000000020000074        0x1 Src/main.o
                0x0000000020000074                BUTTON6
 .bss.BUTTON7   0x0000000020000075        0x1 Src/main.o
                0x0000000020000075                BUTTON7
 .bss.flag.4303
                0x0000000020000076        0x1 Src/main.o
 .bss.counter_seconds.4302
                0x0000000020000077        0x1 Src/main.o
 *(COMMON)
                0x0000000020000078                . = ALIGN (0x4)
                0x0000000020000078                _ebss = .
                0x0000000020000078                __bss_end__ = _ebss

._user_heap_stack
                0x0000000020000078      0x600 load address 0x00000000080015d8
                0x0000000020000078                . = ALIGN (0x8)
                [!provide]                        PROVIDE (end = .)
                0x0000000020000078                PROVIDE (_end = .)
                0x0000000020000278                . = (. + _Min_Heap_Size)
 *fill*         0x0000000020000078      0x200 
                0x0000000020000678                . = (. + _Min_Stack_Size)
 *fill*         0x0000000020000278      0x400 
                0x0000000020000678                . = ALIGN (0x8)

/DISCARD/
 libc.a(*)
 libm.a(*)
 libgcc.a(*)

.ARM.attributes
                0x0000000000000000       0x29
 *(.ARM.attributes)
 .ARM.attributes
                0x0000000000000000       0x1d c:/st/stm32cubeide_1.6.1/stm32cubeide/plugins/com.st.stm32cube.ide.mcu.externaltools.gnu-tools-for-stm32.9-2020-q2-update.win32_1.5.0.202011040924/tools/bin/../lib/gcc/arm-none-eabi/9.3.1/thumb/v7-m/nofp/crti.o
 .ARM.attributes
                0x000000000000001d       0x2d c:/st/stm32cubeide_1.6.1/stm32cubeide/plugins/com.st.stm32cube.ide.mcu.externaltools.gnu-tools-for-stm32.9-2020-q2-update.win32_1.5.0.202011040924/tools/bin/../lib/gcc/arm-none-eabi/9.3.1/thumb/v7-m/nofp/crtbegin.o
 .ARM.attributes
                0x000000000000004a       0x2d Src/DIO_PROGRAM.o
 .ARM.attributes
                0x0000000000000077       0x2d Src/LCD_program.o
 .ARM.attributes
                0x00000000000000a4       0x33 Src/PB_Config.o
 .ARM.attributes
                0x00000000000000d7       0x2d Src/PB_program.o
 .ARM.attributes
                0x0000000000000104       0x2d Src/RCC_PROGRAM.o
 .ARM.attributes
                0x0000000000000131       0x2d Src/RTOS_program.o
 .ARM.attributes
                0x000000000000015e       0x2d Src/STK_program.o
 .ARM.attributes
                0x000000000000018b       0x2d Src/T2DELAY_program.o
 .ARM.attributes
                0x00000000000001b8       0x2d Src/main.o
 .ARM.attributes
                0x00000000000001e5       0x21 Startup/startup_stm32f103c4tx.o
 .ARM.attributes
                0x0000000000000206       0x2d c:/st/stm32cubeide_1.6.1/stm32cubeide/plugins/com.st.stm32cube.ide.mcu.externaltools.gnu-tools-for-stm32.9-2020-q2-update.win32_1.5.0.202011040924/tools/bin/../lib/gcc/arm-none-eabi/9.3.1/../../../../arm-none-eabi/lib/thumb/v7-m/nofp\libc_nano.a(lib_a-init.o)
 .ARM.attributes
                0x0000000000000233       0x2d c:/st/stm32cubeide_1.6.1/stm32cubeide/plugins/com.st.stm32cube.ide.mcu.externaltools.gnu-tools-for-stm32.9-2020-q2-update.win32_1.5.0.202011040924/tools/bin/../lib/gcc/arm-none-eabi/9.3.1/../../../../arm-none-eabi/lib/thumb/v7-m/nofp\libc_nano.a(lib_a-itoa.o)
 .ARM.attributes
                0x0000000000000260       0x2d c:/st/stm32cubeide_1.6.1/stm32cubeide/plugins/com.st.stm32cube.ide.mcu.externaltools.gnu-tools-for-stm32.9-2020-q2-update.win32_1.5.0.202011040924/tools/bin/../lib/gcc/arm-none-eabi/9.3.1/../../../../arm-none-eabi/lib/thumb/v7-m/nofp\libc_nano.a(lib_a-memset.o)
 .ARM.attributes
                0x000000000000028d       0x2d c:/st/stm32cubeide_1.6.1/stm32cubeide/plugins/com.st.stm32cube.ide.mcu.externaltools.gnu-tools-for-stm32.9-2020-q2-update.win32_1.5.0.202011040924/tools/bin/../lib/gcc/arm-none-eabi/9.3.1/../../../../arm-none-eabi/lib/thumb/v7-m/nofp\libc_nano.a(lib_a-utoa.o)
 .ARM.attributes
                0x00000000000002ba       0x1d c:/st/stm32cubeide_1.6.1/stm32cubeide/plugins/com.st.stm32cube.ide.mcu.externaltools.gnu-tools-for-stm32.9-2020-q2-update.win32_1.5.0.202011040924/tools/bin/../lib/gcc/arm-none-eabi/9.3.1/thumb/v7-m/nofp/crtn.o
OUTPUT(GP.elf elf32-littlearm)
LOAD linker stubs
LOAD c:/st/stm32cubeide_1.6.1/stm32cubeide/plugins/com.st.stm32cube.ide.mcu.externaltools.gnu-tools-for-stm32.9-2020-q2-update.win32_1.5.0.202011040924/tools/bin/../lib/gcc/arm-none-eabi/9.3.1/../../../../arm-none-eabi/lib/thumb/v7-m/nofp\libc.a
LOAD c:/st/stm32cubeide_1.6.1/stm32cubeide/plugins/com.st.stm32cube.ide.mcu.externaltools.gnu-tools-for-stm32.9-2020-q2-update.win32_1.5.0.202011040924/tools/bin/../lib/gcc/arm-none-eabi/9.3.1/../../../../arm-none-eabi/lib/thumb/v7-m/nofp\libm.a
LOAD c:/st/stm32cubeide_1.6.1/stm32cubeide/plugins/com.st.stm32cube.ide.mcu.externaltools.gnu-tools-for-stm32.9-2020-q2-update.win32_1.5.0.202011040924/tools/bin/../lib/gcc/arm-none-eabi/9.3.1/thumb/v7-m/nofp\libgcc.a

.debug_info     0x0000000000000000     0x15bb
 .debug_info    0x0000000000000000      0x46b Src/DIO_PROGRAM.o
 .debug_info    0x000000000000046b      0x1e9 Src/LCD_program.o
 .debug_info    0x0000000000000654      0x11f Src/PB_Config.o
 .debug_info    0x0000000000000773      0x1f0 Src/PB_program.o
 .debug_info    0x0000000000000963      0x340 Src/RCC_PROGRAM.o
 .debug_info    0x0000000000000ca3      0x18c Src/RTOS_program.o
 .debug_info    0x0000000000000e2f      0x243 Src/STK_program.o
 .debug_info    0x0000000000001072      0x219 Src/T2DELAY_program.o
 .debug_info    0x000000000000128b      0x30e Src/main.o
 .debug_info    0x0000000000001599       0x22 Startup/startup_stm32f103c4tx.o

.debug_abbrev   0x0000000000000000      0x9a8
 .debug_abbrev  0x0000000000000000      0x144 Src/DIO_PROGRAM.o
 .debug_abbrev  0x0000000000000144       0xc7 Src/LCD_program.o
 .debug_abbrev  0x000000000000020b       0xbd Src/PB_Config.o
 .debug_abbrev  0x00000000000002c8      0x13b Src/PB_program.o
 .debug_abbrev  0x0000000000000403      0x115 Src/RCC_PROGRAM.o
 .debug_abbrev  0x0000000000000518      0x11a Src/RTOS_program.o
 .debug_abbrev  0x0000000000000632      0x115 Src/STK_program.o
 .debug_abbrev  0x0000000000000747       0xd2 Src/T2DELAY_program.o
 .debug_abbrev  0x0000000000000819      0x17d Src/main.o
 .debug_abbrev  0x0000000000000996       0x12 Startup/startup_stm32f103c4tx.o

.debug_loc      0x0000000000000000      0xe72
 .debug_loc     0x0000000000000000      0x368 Src/DIO_PROGRAM.o
 .debug_loc     0x0000000000000368      0x1ea Src/LCD_program.o
 .debug_loc     0x0000000000000552       0xf0 Src/PB_program.o
 .debug_loc     0x0000000000000642      0x30c Src/RCC_PROGRAM.o
 .debug_loc     0x000000000000094e       0xd8 Src/RTOS_program.o
 .debug_loc     0x0000000000000a26      0x2a4 Src/STK_program.o
 .debug_loc     0x0000000000000cca       0xa0 Src/T2DELAY_program.o
 .debug_loc     0x0000000000000d6a      0x108 Src/main.o

.debug_aranges  0x0000000000000000      0x280
 .debug_aranges
                0x0000000000000000       0x68 Src/DIO_PROGRAM.o
 .debug_aranges
                0x0000000000000068       0x50 Src/LCD_program.o
 .debug_aranges
                0x00000000000000b8       0x18 Src/PB_Config.o
 .debug_aranges
                0x00000000000000d0       0x30 Src/PB_program.o
 .debug_aranges
                0x0000000000000100       0x60 Src/RCC_PROGRAM.o
 .debug_aranges
                0x0000000000000160       0x30 Src/RTOS_program.o
 .debug_aranges
                0x0000000000000190       0x58 Src/STK_program.o
 .debug_aranges
                0x00000000000001e8       0x28 Src/T2DELAY_program.o
 .debug_aranges
                0x0000000000000210       0x48 Src/main.o
 .debug_aranges
                0x0000000000000258       0x28 Startup/startup_stm32f103c4tx.o

.debug_ranges   0x0000000000000000      0x1e0
 .debug_ranges  0x0000000000000000       0x58 Src/DIO_PROGRAM.o
 .debug_ranges  0x0000000000000058       0x40 Src/LCD_program.o
 .debug_ranges  0x0000000000000098       0x20 Src/PB_program.o
 .debug_ranges  0x00000000000000b8       0x50 Src/RCC_PROGRAM.o
 .debug_ranges  0x0000000000000108       0x20 Src/RTOS_program.o
 .debug_ranges  0x0000000000000128       0x48 Src/STK_program.o
 .debug_ranges  0x0000000000000170       0x18 Src/T2DELAY_program.o
 .debug_ranges  0x0000000000000188       0x38 Src/main.o
 .debug_ranges  0x00000000000001c0       0x20 Startup/startup_stm32f103c4tx.o

.debug_macro    0x0000000000000000     0x1316
 .debug_macro   0x0000000000000000       0x42 Src/DIO_PROGRAM.o
 .debug_macro   0x0000000000000042      0xaa2 Src/DIO_PROGRAM.o
 .debug_macro   0x0000000000000ae4       0x22 Src/DIO_PROGRAM.o
 .debug_macro   0x0000000000000b06      0x13c Src/DIO_PROGRAM.o
 .debug_macro   0x0000000000000c42       0x88 Src/DIO_PROGRAM.o
 .debug_macro   0x0000000000000cca       0x60 Src/LCD_program.o
 .debug_macro   0x0000000000000d2a       0x70 Src/LCD_program.o
 .debug_macro   0x0000000000000d9a       0x3a Src/LCD_program.o
 .debug_macro   0x0000000000000dd4       0x28 Src/LCD_program.o
 .debug_macro   0x0000000000000dfc       0x36 Src/PB_Config.o
 .debug_macro   0x0000000000000e32       0x1c Src/PB_Config.o
 .debug_macro   0x0000000000000e4e       0x48 Src/PB_program.o
 .debug_macro   0x0000000000000e96       0x5d Src/RCC_PROGRAM.o
 .debug_macro   0x0000000000000ef3       0x3a Src/RCC_PROGRAM.o
 .debug_macro   0x0000000000000f2d      0x154 Src/RCC_PROGRAM.o
 .debug_macro   0x0000000000001081       0xdc Src/RCC_PROGRAM.o
 .debug_macro   0x000000000000115d       0x5c Src/RTOS_program.o
 .debug_macro   0x00000000000011b9       0x10 Src/RTOS_program.o
 .debug_macro   0x00000000000011c9       0x4a Src/STK_program.o
 .debug_macro   0x0000000000001213       0x28 Src/STK_program.o
 .debug_macro   0x000000000000123b       0x10 Src/STK_program.o
 .debug_macro   0x000000000000124b       0x41 Src/T2DELAY_program.o
 .debug_macro   0x000000000000128c       0x16 Src/T2DELAY_program.o
 .debug_macro   0x00000000000012a2       0x74 Src/main.o

.debug_line     0x0000000000000000     0x19f6
 .debug_line    0x0000000000000000      0x850 Src/DIO_PROGRAM.o
 .debug_line    0x0000000000000850      0x22c Src/LCD_program.o
 .debug_line    0x0000000000000a7c       0xbc Src/PB_Config.o
 .debug_line    0x0000000000000b38      0x200 Src/PB_program.o
 .debug_line    0x0000000000000d38      0x2f7 Src/RCC_PROGRAM.o
 .debug_line    0x000000000000102f      0x1ca Src/RTOS_program.o
 .debug_line    0x00000000000011f9      0x213 Src/STK_program.o
 .debug_line    0x000000000000140c      0x15f Src/T2DELAY_program.o
 .debug_line    0x000000000000156b      0x407 Src/main.o
 .debug_line    0x0000000000001972       0x84 Startup/startup_stm32f103c4tx.o

.debug_str      0x0000000000000000     0x4939
 .debug_str     0x0000000000000000     0x3695 Src/DIO_PROGRAM.o
                                       0x36e7 (size before relaxing)
 .debug_str     0x0000000000003695      0x316 Src/LCD_program.o
                                       0x3627 (size before relaxing)
 .debug_str     0x00000000000039ab       0xb3 Src/PB_Config.o
                                       0x33c5 (size before relaxing)
 .debug_str     0x0000000000003a5e       0x75 Src/PB_program.o
                                       0x343d (size before relaxing)
 .debug_str     0x0000000000003ad3      0x8e9 Src/RCC_PROGRAM.o
                                       0x3e7a (size before relaxing)
 .debug_str     0x00000000000043bc      0x120 Src/RTOS_program.o
                                       0x3435 (size before relaxing)
 .debug_str     0x00000000000044dc      0x236 Src/STK_program.o
                                       0x30b7 (size before relaxing)
 .debug_str     0x0000000000004712      0x13b Src/T2DELAY_program.o
                                       0x2fb7 (size before relaxing)
 .debug_str     0x000000000000484d       0xbb Src/main.o
                                       0x39b3 (size before relaxing)
 .debug_str     0x0000000000004908       0x31 Startup/startup_stm32f103c4tx.o
                                         0x67 (size before relaxing)

.comment        0x0000000000000000       0x53
 .comment       0x0000000000000000       0x53 Src/DIO_PROGRAM.o
                                         0x54 (size before relaxing)
 .comment       0x0000000000000053       0x54 Src/LCD_program.o
 .comment       0x0000000000000053       0x54 Src/PB_Config.o
 .comment       0x0000000000000053       0x54 Src/PB_program.o
 .comment       0x0000000000000053       0x54 Src/RCC_PROGRAM.o
 .comment       0x0000000000000053       0x54 Src/RTOS_program.o
 .comment       0x0000000000000053       0x54 Src/STK_program.o
 .comment       0x0000000000000053       0x54 Src/T2DELAY_program.o
 .comment       0x0000000000000053       0x54 Src/main.o

.debug_frame    0x0000000000000000      0x810
 .debug_frame   0x0000000000000000      0x198 Src/DIO_PROGRAM.o
 .debug_frame   0x0000000000000198       0xfc Src/LCD_program.o
 .debug_frame   0x0000000000000294       0x80 Src/PB_program.o
 .debug_frame   0x0000000000000314      0x16c Src/RCC_PROGRAM.o
 .debug_frame   0x0000000000000480       0x78 Src/RTOS_program.o
 .debug_frame   0x00000000000004f8      0x13c Src/STK_program.o
 .debug_frame   0x0000000000000634       0x58 Src/T2DELAY_program.o
 .debug_frame   0x000000000000068c       0xb8 Src/main.o
 .debug_frame   0x0000000000000744       0x2c c:/st/stm32cubeide_1.6.1/stm32cubeide/plugins/com.st.stm32cube.ide.mcu.externaltools.gnu-tools-for-stm32.9-2020-q2-update.win32_1.5.0.202011040924/tools/bin/../lib/gcc/arm-none-eabi/9.3.1/../../../../arm-none-eabi/lib/thumb/v7-m/nofp\libc_nano.a(lib_a-init.o)
 .debug_frame   0x0000000000000770       0x38 c:/st/stm32cubeide_1.6.1/stm32cubeide/plugins/com.st.stm32cube.ide.mcu.externaltools.gnu-tools-for-stm32.9-2020-q2-update.win32_1.5.0.202011040924/tools/bin/../lib/gcc/arm-none-eabi/9.3.1/../../../../arm-none-eabi/lib/thumb/v7-m/nofp\libc_nano.a(lib_a-itoa.o)
 .debug_frame   0x00000000000007a8       0x20 c:/st/stm32cubeide_1.6.1/stm32cubeide/plugins/com.st.stm32cube.ide.mcu.externaltools.gnu-tools-for-stm32.9-2020-q2-update.win32_1.5.0.202011040924/tools/bin/../lib/gcc/arm-none-eabi/9.3.1/../../../../arm-none-eabi/lib/thumb/v7-m/nofp\libc_nano.a(lib_a-memset.o)
 .debug_frame   0x00000000000007c8       0x48 c:/st/stm32cubeide_1.6.1/stm32cubeide/plugins/com.st.stm32cube.ide.mcu.externaltools.gnu-tools-for-stm32.9-2020-q2-update.win32_1.5.0.202011040924/tools/bin/../lib/gcc/arm-none-eabi/9.3.1/../../../../arm-none-eabi/lib/thumb/v7-m/nofp\libc_nano.a(lib_a-utoa.o)
